[backblue.gif]
[fade.gif]
[index.html]
[localhost/portfolio/indexd784.html]
[localhost/portfolio/indexa6da.html]
[localhost/portfolio/wp-content/themes/stewart/assets/fonts/WorkSans-VariableFont_wght.ttf]
[localhost/portfolio/wp-content/themes/stewart/assets/fonts/WorkSans-Italic-VariableFont_wght.ttf]
[localhost/portfolio/wp-includes/blocks/navigation/view.min92fd.js]
[localhost/portfolio/wp-includes/blocks/navigation/view-modal.mincc56.js]
[localhost/portfolio/index52f0.json]
[localhost/portfolio/index84c7.json]
[localhost/portfolio/xmlrpc0db0.php]
[localhost/portfolio/wp-includes/wlwmanifest.xml]
[localhost/portfolio/indexebc0.json]
[localhost/portfolio/index55e3.php]
[localhost/portfolio/wp-content/uploads/2023/03/IMG_5162-2.jpg]
[localhost/portfolio/wp-content/uploads/2023/02/R-BANNER.png]
[localhost/portfolio/wp-content/uploads/2023/02/Mathit-BANNER.png]
[localhost/portfolio/wp-content/uploads/2023/02/WP-BANNER.png]
[localhost/portfolio/wp-content/uploads/2023/02/giphy.webp]
[localhost/portfolio/wp-content/plugins/elementor/assets/js/webpack.runtime.minf416.js]
[localhost/portfolio/wp-includes/js/jquery/jquery.mina7a0.js]
[localhost/portfolio/wp-includes/js/jquery/jquery-migrate.mind617.js]
[localhost/portfolio/wp-content/plugins/elementor/assets/js/frontend-modules.minf416.js]
[localhost/portfolio/wp-content/plugins/elementor/assets/lib/waypoints/waypoints.min05da.js]
[localhost/portfolio/wp-includes/js/jquery/ui/core.min3f14.js]
[localhost/portfolio/wp-content/plugins/elementor/assets/js/frontend.minf416.js]
[localhost/portfolio/wp-includes/js/underscore.mind584.js]
[localhost/portfolio/wp-includes/js/wp-util.min6a4d.js]
[localhost/portfolio/wp-content/plugins/wpforms-lite/assets/js/integrations/elementor/frontend.min4a2b.js]
[localhost/portfolio/index.html]
[localhost/portfolio/wp-includes/blocks/navigation/style.min6a4d.css]
[localhost/portfolio/wp-content/plugins/elementor/assets/css/frontend-lite.minf416.css]
[localhost/portfolio/wp-content/uploads/2023/03/calebb.gif]
[localhost/portfolio/wp-content/uploads/elementor/css/post-8d3bc.css]
[localhost/portfolio/wp-content/themes/stewart/style9be6.css]
[localhost/portfolio/wp-content/plugins/elementor/assets/lib/eicons/fonts/eiconsd6bb.eot]
[localhost/portfolio/wp-content/plugins/elementor/assets/lib/eicons/fonts/eiconsd6bb.woff2]
[localhost/portfolio/wp-content/plugins/elementor/assets/lib/eicons/fonts/eiconsd6bb.woff]
[localhost/portfolio/wp-content/plugins/elementor/assets/lib/eicons/fonts/eiconsd6bb.ttf]
[localhost/portfolio/wp-content/plugins/elementor/assets/lib/eicons/css/elementor-icons.min3b94.css]
[localhost/portfolio/wp-content/plugins/elementor/assets/lib/swiper/css/swiper.min48f5.css]
[localhost/portfolio/wp-content/uploads/elementor/css/post-55362.css]
[localhost/portfolio/wp-content/uploads/elementor/css/global3a38.css]
[localhost/portfolio/index15a9.json]
[localhost/portfolio/indexd928.json]
[localhost/portfolio/index3932.php]
[localhost/portfolio/wp-content/uploads/2023/02/002banner.png]
[localhost/portfolio/wp-content/uploads/2023/03/ART02.gif]
[localhost/portfolio/wp-content/uploads/2023/03/ART01.gif]
[localhost/portfolio/wp-content/uploads/2023/02/211261036_169235371925267_367385757467724571_n.jpg]
[localhost/portfolio/wp-content/uploads/2023/02/Rain-Advert.mp4]
[localhost/portfolio/wp-content/uploads/2023/03/Merch.gif]
[localhost/portfolio/wp-content/uploads/2023/02/RAINRAINRAIN-001.png]
[localhost/portfolio/index97bb.html]
[localhost/portfolio/indexb75e.json]
[localhost/portfolio/index3e81.json]
[localhost/portfolio/index1c06.php]
[localhost/portfolio/wp-content/uploads/2023/02/presLogo.png]
[localhost/portfolio/wp-content/uploads/2023/02/shirt.jpg]
[localhost/portfolio/wp-content/uploads/2023/02/logo2.jpg]
[localhost/portfolio/wp-content/uploads/2023/02/contactINFO.png]
[localhost/portfolio/indexcbc0.html]
[localhost/portfolio/indexa184.json]
[localhost/portfolio/index344b.json]
[localhost/portfolio/indexc67c.php]
[localhost/portfolio/wp-content/uploads/2023/03/CERTIFICATE.gif]
[localhost/portfolio/wp-content/uploads/2023/02/PB.png]
[localhost/portfolio/wp-content/uploads/2023/02/webPRO.jpg]
[localhost/portfolio/wp-content/uploads/2023/02/KTD-1.png]
[localhost/portfolio/wp-content/uploads/2023/02/webPRO-02.jpg]
[localhost/portfolio/wp-content/uploads/2023/02/GitHub-Mark.png]
[localhost/portfolio/index16e4.html]
[localhost/portfolio/wp-content/plugins/elementor/assets/lib/animations/animations.minf416.css]
[localhost/portfolio/wp-content/plugins/elementor/assets/lib/eicons/fonts/eiconsd6bb.svg]
[localhost/portfolio/wp-content/uploads/2023/02/Bg.png]
[localhost/portfolio/wp-content/uploads/elementor/css/post-22dff5.css]
[localhost/portfolio/index0345.html]
[localhost/portfolio/wp-content/uploads/2023/03/ART02.gif]
[localhost/portfolio/wp-content/uploads/2023/03/ART01.gif]
[localhost/portfolio/wp-content/uploads/2023/02/Rain-Advert.mp4]
[localhost/portfolio/wp-content/uploads/2023/02/usingLaptop.jpg]
[localhost/portfolio/wp-content/uploads/2023/02/shirt-2.jpg]
[localhost/portfolio/wp-content/uploads/elementor/css/post-26c225.css]
[localhost/portfolio/index88b9.html]
[localhost/portfolio/wp-content/uploads/2023/02/shirt.jpg]
[localhost/portfolio/wp-content/uploads/2023/02/pixBoard.png]
[localhost/portfolio/wp-content/uploads/2023/02/KTD.png]
[localhost/portfolio/wp-content/uploads/elementor/css/post-24abdd.css]
[localhost/portfolio/index2cf9.html]
[localhost/portfolio/wp-content/uploads/2023/03/ART02.gif]
[localhost/portfolio/wp-content/uploads/2023/03/ART01.gif]
[localhost/portfolio/wp-content/uploads/2023/02/shirt.jpg]
[localhost/portfolio/wp-content/uploads/2023/02/Rain-Advert.mp4]
