[backblue.gif]
[fade.gif]
[index.html]
[localhost/portfolio/indexa6da.html]
[localhost/portfolio/wp-content/themes/stewart/assets/fonts/WorkSans-VariableFont_wght.ttf]
[localhost/portfolio/indexd784.html]
[localhost/portfolio/wp-content/themes/stewart/assets/fonts/WorkSans-Italic-VariableFont_wght.ttf]
[localhost/portfolio/wp-includes/blocks/navigation/view.min92fd.js]
[localhost/portfolio/wp-includes/blocks/navigation/view-modal.mincc56.js]
[localhost/portfolio/index52f0.json]
[localhost/portfolio/index84c7.json]
[localhost/portfolio/xmlrpc0db0.php]
[localhost/portfolio/wp-includes/wlwmanifest.xml]
[localhost/portfolio/indexebc0.json]
[localhost/portfolio/index55e3.php]
[localhost/portfolio/wp-content/uploads/2023/03/IMG_5162-2.jpg]
[localhost/portfolio/wp-content/uploads/2023/02/R-BANNER.png]
[localhost/portfolio/wp-content/uploads/2023/02/Mathit-BANNER.png]
[localhost/portfolio/wp-content/uploads/2023/02/WP-BANNER.png]
[localhost/portfolio/wp-content/uploads/2023/02/giphy.webp]
[localhost/portfolio/wp-content/plugins/elementor/assets/js/webpack.runtime.minf416.js]
[localhost/portfolio/wp-includes/js/jquery/jquery.mina7a0.js]
[localhost/portfolio/wp-includes/js/jquery/jquery-migrate.mind617.js]
[localhost/portfolio/wp-content/plugins/elementor/assets/js/frontend-modules.minf416.js]
[localhost/portfolio/wp-content/plugins/elementor/assets/lib/waypoints/waypoints.min05da.js]
[localhost/portfolio/wp-includes/js/jquery/ui/core.min3f14.js]
[localhost/portfolio/wp-content/plugins/elementor/assets/js/frontend.minf416.js]
[localhost/portfolio/wp-includes/js/underscore.mind584.js]
[localhost/portfolio/wp-includes/js/wp-util.min6a4d.js]
[localhost/portfolio/wp-content/plugins/wpforms-lite/assets/js/integrations/elementor/frontend.min4a2b.js]
[localhost/portfolio/index.html]
[localhost/portfolio/wp-includes/blocks/navigation/style.min6a4d.css]
[localhost/portfolio/wp-content/plugins/elementor/assets/css/frontend-lite.minf416.css]
[localhost/portfolio/wp-content/uploads/2023/03/calebb.gif]
[localhost/portfolio/wp-content/uploads/elementor/css/post-8d3bc.css]
[localhost/portfolio/wp-content/themes/stewart/style9be6.css]
[localhost/portfolio/wp-content/plugins/elementor/assets/lib/eicons/fonts/eiconsd6bb.eot]
[localhost/portfolio/wp-content/plugins/elementor/assets/lib/eicons/fonts/eiconsd6bb.woff2]
[localhost/portfolio/wp-content/plugins/elementor/assets/lib/eicons/fonts/eiconsd6bb.woff]
[localhost/portfolio/wp-content/plugins/elementor/assets/lib/eicons/fonts/eiconsd6bb.ttf]
[localhost/portfolio/wp-content/plugins/elementor/assets/lib/eicons/css/elementor-icons.min3b94.css]
[localhost/portfolio/wp-content/plugins/elementor/assets/lib/swiper/css/swiper.min48f5.css]
[localhost/portfolio/wp-content/uploads/elementor/css/post-55362.css]
[localhost/portfolio/wp-content/uploads/elementor/css/global3a38.css]
[localhost/portfolio/index15a9.json]
[localhost/portfolio/indexd928.json]
[localhost/portfolio/index3932.php]
[localhost/portfolio/wp-content/uploads/2023/02/002banner.png]
[localhost/portfolio/wp-content/uploads/2023/02/Snapinsta.app_1080_288081707_1464817663974637_5331670351600435862_n.jpg]
[localhost/portfolio/wp-content/uploads/2023/02/Snapinsta.app_1080_202704769_1789972204497667_4240261745300381308_n.jpg]
[localhost/portfolio/wp-content/uploads/2023/02/Snapinsta.app_1080_274863862_151148187303137_1319851525976965186_n.jpg]
[localhost/portfolio/wp-content/uploads/2023/02/Snapinsta.app_1080_278635403_386491263367869_5129548918015572094_n.jpg]
[localhost/portfolio/wp-content/uploads/2023/02/Snapinsta.app_1080_279264466_1422874801502528_3687247656831361211_n.jpg]
[localhost/portfolio/wp-content/uploads/2023/02/Snapinsta.app_1080_284470010_592671805325817_5720332788596534091_n-1.jpg]
[localhost/portfolio/wp-content/uploads/2023/02/Snapinsta.app_1080_281617042_5121655314597891_270892101772473456_n.jpg]
[localhost/portfolio/wp-content/uploads/2023/02/Snapinsta.app_1080_301973610_1048704499131790_4314632428327367419_n.jpg]
[localhost/portfolio/wp-content/uploads/2023/02/Snapinsta.app_1080_305340644_193768429752782_2109026577306301528_n.jpg]
[localhost/portfolio/wp-content/uploads/2023/02/Snapinsta.app_1080_309598840_6193688793981350_8157216767796227288_n.jpg]
[localhost/portfolio/wp-content/uploads/2023/02/Snapinsta.app_1080_312086424_506681574656199_5888781577257458563_n.jpg]
[localhost/portfolio/wp-content/uploads/2023/02/Snapinsta.app_1080_314418664_649485246636983_3490285302253963090_n.jpg]
[localhost/portfolio/wp-content/uploads/2023/02/Snapinsta.app_1080_315579499_452610643686933_1133812297326504961_n.jpg]
[localhost/portfolio/wp-content/uploads/2023/02/Snapinsta.app_1080_327949902_131439833150060_6689171556818087750_n.jpg]
[localhost/portfolio/wp-content/uploads/2023/02/Snapinsta.app_1080_324119532_136316329274981_1088196064640333202_n.jpg]
[localhost/portfolio/wp-content/uploads/2023/02/Snapinsta.app_1080_326050205_759284148373315_6855607667118536177_n.jpg]
[localhost/portfolio/wp-content/uploads/2023/02/Snapinsta.app_1080_329406808_6138210286200149_5863415214297667277_n.jpg]
[localhost/portfolio/wp-content/uploads/2023/02/Snapinsta.app_1080_329843100_872337537310936_2098959441170843195_n-1.jpg]
[localhost/portfolio/wp-content/uploads/2023/02/Snapinsta.app_1080_293952043_769622607510780_8393199452381149190_n.jpg]
[localhost/portfolio/wp-content/uploads/2023/02/Snapinsta.app_1080_301650819_811886533330200_1478730696275515992_n.jpg]
[localhost/portfolio/wp-content/uploads/2023/02/Snapinsta.app_1080_307643183_1741411326242761_1558695649953792379_n.jpg]
[localhost/portfolio/wp-content/uploads/2023/02/Snapinsta.app_1080_309598840_6193688793981350_8157216767796227288_n-1.jpg]
[localhost/portfolio/wp-content/uploads/2023/02/Snapinsta.app_1080_315316401_590596402837856_1293585177085796481_n.jpg]
[localhost/portfolio/wp-content/uploads/2023/02/Snapinsta.app_1080_324119532_136316329274981_1088196064640333202_n-1.jpg]
[localhost/portfolio/wp-content/uploads/2023/02/211261036_169235371925267_367385757467724571_n.jpg]
[localhost/portfolio/wp-content/uploads/2023/02/Rain-Advert.mp4]
[localhost/portfolio/wp-content/uploads/2023/02/800-2.jpg]
[localhost/portfolio/wp-content/uploads/2023/02/800-3.jpg]
[localhost/portfolio/wp-content/uploads/2023/02/800-4.jpg]
[localhost/portfolio/wp-content/uploads/2023/02/800-5.jpg]
[localhost/portfolio/wp-content/uploads/2023/02/800-6.jpg]
[localhost/portfolio/wp-content/uploads/2023/02/800-7.jpg]
[localhost/portfolio/wp-content/uploads/2023/02/800-8.jpg]
[localhost/portfolio/wp-content/uploads/2023/02/800-9.jpg]
[localhost/portfolio/wp-content/uploads/2023/02/800-10-1.jpg]
[localhost/portfolio/wp-content/uploads/2023/02/800-11.jpg]
[localhost/portfolio/wp-content/uploads/2023/02/800.jpg]
[localhost/portfolio/wp-content/uploads/2023/02/RAINRAINRAIN-001.png]
[localhost/portfolio/index97bb.html]
[localhost/portfolio/indexb75e.json]
[localhost/portfolio/index3e81.json]
[localhost/portfolio/index1c06.php]
[localhost/portfolio/wp-content/uploads/2023/02/presLogo.png]
[localhost/portfolio/wp-content/uploads/2023/02/shirt.jpg]
[localhost/portfolio/wp-content/uploads/2023/02/logo2.jpg]
[localhost/portfolio/wp-content/uploads/2023/02/contactINFO.png]
[localhost/portfolio/indexcbc0.html]
[localhost/portfolio/indexa184.json]
[localhost/portfolio/index344b.json]
[localhost/portfolio/indexc67c.php]
[localhost/portfolio/wp-content/uploads/2023/02/c80d5b4f-1b4b-41ab-8504-d9f1580adbc9.png]
[localhost/portfolio/wp-content/uploads/2023/02/2a696364-fe27-4bda-b773-23df0a00c61e.png]
[localhost/portfolio/wp-content/uploads/2023/02/b4560b54-b108-4f67-8af0-3bb1303b1f6f.png]
[localhost/portfolio/wp-content/uploads/2023/02/PB.png]
[localhost/portfolio/wp-content/uploads/2023/02/webPRO.jpg]
[localhost/portfolio/wp-content/uploads/2023/02/KTD-1.png]
[localhost/portfolio/wp-content/uploads/2023/02/webPRO-02.jpg]
[localhost/portfolio/wp-content/uploads/2023/02/GitHub-Mark.png]
[localhost/portfolio/index16e4.html]
[localhost/portfolio/wp-content/plugins/elementor/assets/lib/animations/animations.minf416.css]
[localhost/portfolio/wp-content/plugins/elementor/assets/lib/eicons/fonts/eiconsd6bb.svg]
[localhost/portfolio/wp-content/uploads/2023/02/Bg.png]
[localhost/portfolio/wp-content/uploads/elementor/css/post-22c2d9.css]
[localhost/portfolio/index0345.html]
[localhost/portfolio/wp-content/uploads/2023/02/usingLaptop.jpg]
[localhost/portfolio/wp-content/uploads/2023/02/Rain-Advert.mp4]
[localhost/portfolio/wp-content/uploads/2023/02/shirt-2.jpg]
[localhost/portfolio/wp-content/uploads/elementor/css/post-26f5f5.css]
[localhost/portfolio/index88b9.html]
[localhost/portfolio/wp-content/uploads/2023/02/shirt.jpg]
[localhost/portfolio/wp-content/uploads/2023/02/pixBoard.png]
[localhost/portfolio/wp-content/uploads/2023/02/KTD.png]
[localhost/portfolio/wp-content/uploads/elementor/css/post-24ad06.css]
[localhost/portfolio/index2cf9.html]
[localhost/portfolio/wp-content/uploads/2023/02/shirt.jpg]
[localhost/portfolio/wp-content/uploads/2023/02/Rain-Advert.mp4]
